Modules list:
-------------
interrupt.o:
    CODE              Offs=000000  Size=000016  Align=00001  Fill=0000
vectors.o:
    VECTORS           Offs=000000  Size=000006  Align=00001  Fill=0000
wait.o:
    CODE              Offs=000016  Size=000004  Align=00001  Fill=0000
lcd.o:
    CODE              Offs=00001A  Size=0000D8  Align=00001  Fill=0000
    ZEROPAGE          Offs=000000  Size=000002  Align=00001  Fill=0000
counter.o:
    CODE              Offs=0000F2  Size=000040  Align=00001  Fill=0000
    ZEROPAGE          Offs=000002  Size=000004  Align=00001  Fill=0000
main.o:
    CODE              Offs=000132  Size=0000E0  Align=00001  Fill=0000
    DATA              Offs=000000  Size=000008  Align=00001  Fill=0000
none.lib(_hextab.o):
    RODATA            Offs=000000  Size=000010  Align=00001  Fill=0000
none.lib(addysp.o):
    CODE              Offs=000212  Size=00000E  Align=00001  Fill=0000
none.lib(condes.o):
    CODE              Offs=000220  Size=00000C  Align=00001  Fill=0000
    DATA              Offs=000008  Size=000025  Align=00001  Fill=0000
    ONCE              Offs=000000  Size=00000C  Align=00001  Fill=0000
none.lib(crt0.o):
    STARTUP           Offs=000000  Size=000013  Align=00001  Fill=0000
none.lib(decsp4.o):
    CODE              Offs=00022C  Size=00000D  Align=00001  Fill=0000
none.lib(itoa.o):
    CODE              Offs=000239  Size=000094  Align=00001  Fill=0000
    RODATA            Offs=000010  Size=000007  Align=00001  Fill=0000
none.lib(laddeqsp.o):
    CODE              Offs=0002CD  Size=000023  Align=00001  Fill=0000
none.lib(ldaxsp.o):
    CODE              Offs=0002F0  Size=000009  Align=00001  Fill=0000
none.lib(leaaxsp.o):
    CODE              Offs=0002F9  Size=00000C  Align=00001  Fill=0000
none.lib(lpush.o):
    CODE              Offs=000305  Size=000021  Align=00001  Fill=0000
none.lib(lsub.o):
    CODE              Offs=000326  Size=000027  Align=00001  Fill=0000
none.lib(pushax.o):
    CODE              Offs=00034D  Size=00001A  Align=00001  Fill=0000
none.lib(subysp.o):
    CODE              Offs=000367  Size=00000D  Align=00001  Fill=0000
none.lib(zeropage.o):
    ZEROPAGE          Offs=000006  Size=00001A  Align=00001  Fill=0000


Segment list:
-------------
Name                   Start     End    Size  Align
----------------------------------------------------
ZEROPAGE              000000  00001F  000020  00001
DATA                  000200  00022C  00002D  00001
STARTUP               00E02D  00E03F  000013  00001
ONCE                  00E040  00E04B  00000C  00001
CODE                  00E04C  00E3BF  000374  00001
RODATA                00E3C0  00E3D6  000017  00001
VECTORS               00FFFA  00FFFF  000006  00001


Exports list by name:
---------------------
__CONSTRUCTOR_COUNT__     000000 REA    __CONSTRUCTOR_TABLE__     00E040 RLA    
__DESTRUCTOR_COUNT__      000000 REA    __DESTRUCTOR_TABLE__      00E040 RLA    
__RAM_SIZE__              007E00 REA    __RAM_START__             000200 RLA    
__STARTUP__               000001 REA    __hextab                  00E3C0 RLA    
_counter_init             00E14B RLA    _counter_irq              00E169 RLA    
_init                     00E02D RLA    _irq_int                  00E04D RLA    
_itoa                     00E2A3 RLA    _lcd_clear                00E12F RLA    
_lcd_init                 00E066 RLA    _lcd_print                00E087 RLA    
_main                     00E1FD RLA    _millis                   00E13E RLA    
_nmi_int                  00E04C RLA    _stop                     00E065 RLA    
addysp                    00E25F RLA    addysp1                   00E25E RLA    
decsp4                    00E278 RLA    donelib                   00E26C RLA    
laddeqysp                 00E31B RLA    ldaxysp                   00E33E RLA    
leaa0sp                   00E345 RLA    ptr2                      000010 RLZ    
ptr3                      000012 RLZ    pushax                    00E39D RLA    
pusheax                   00E35A RLA    sp                        000006 RLZ    
sreg                      000008 RLZ    subysp                    00E3B3 RLA    
tmp1                      000016 RLZ    tossubeax                 00E378 RLA    



Exports list by value:
----------------------
__CONSTRUCTOR_COUNT__     000000 REA    __DESTRUCTOR_COUNT__      000000 REA    
__STARTUP__               000001 REA    sp                        000006 RLZ    
sreg                      000008 RLZ    ptr2                      000010 RLZ    
ptr3                      000012 RLZ    tmp1                      000016 RLZ    
__RAM_START__             000200 RLA    __RAM_SIZE__              007E00 REA    
_init                     00E02D RLA    __CONSTRUCTOR_TABLE__     00E040 RLA    
__DESTRUCTOR_TABLE__      00E040 RLA    _nmi_int                  00E04C RLA    
_irq_int                  00E04D RLA    _stop                     00E065 RLA    
_lcd_init                 00E066 RLA    _lcd_print                00E087 RLA    
_lcd_clear                00E12F RLA    _millis                   00E13E RLA    
_counter_init             00E14B RLA    _counter_irq              00E169 RLA    
_main                     00E1FD RLA    addysp1                   00E25E RLA    
addysp                    00E25F RLA    donelib                   00E26C RLA    
decsp4                    00E278 RLA    _itoa                     00E2A3 RLA    
laddeqysp                 00E31B RLA    ldaxysp                   00E33E RLA    
leaa0sp                   00E345 RLA    pusheax                   00E35A RLA    
tossubeax                 00E378 RLA    pushax                    00E39D RLA    
subysp                    00E3B3 RLA    __hextab                  00E3C0 RLA    



Imports list:
-------------
__CONSTRUCTOR_COUNT__ ([linker generated]):
    condes.o                  runtime/condes.s:18
__CONSTRUCTOR_TABLE__ ([linker generated]):
    condes.o                  runtime/condes.s:18
__DESTRUCTOR_COUNT__ ([linker generated]):
    condes.o                  runtime/condes.s:19
__DESTRUCTOR_TABLE__ ([linker generated]):
    condes.o                  runtime/condes.s:19
__RAM_SIZE__ ([linker generated]):
    crt0.o                    crt0.s:12
__RAM_START__ ([linker generated]):
    crt0.o                    crt0.s:12
__STARTUP__ (crt0.o):
    main.o                    main.s:17
__hextab (_hextab.o):
    itoa.o                    common/itoa.s:10
_counter_init (counter.o):
    main.o                    main.s:22
_counter_irq (counter.o):
    interrupt.o               interrupt.s:10
_init (crt0.o):
    vectors.o                 vectors.s:7
_irq_int (interrupt.o):
    vectors.o                 vectors.s:8
_itoa (itoa.o):
    main.o                    main.s:18
_lcd_clear (lcd.o):
    main.o                    main.s:21
_lcd_init (lcd.o):
    main.o                    main.s:19
_lcd_print (lcd.o):
    main.o                    main.s:20
_main (main.o):
    crt0.o                    crt0.s:8
_millis (counter.o):
    main.o                    main.s:23
_nmi_int (interrupt.o):
    vectors.o                 vectors.s:8
_stop (wait.o):
    interrupt.o               interrupt.s:9
addysp (addysp.o):
    main.o                    main.s:177
addysp1 (addysp.o):
    lsub.o                    runtime/lsub.s:11
    itoa.o                    common/itoa.s:9
decsp4 (decsp4.o):
    lpush.o                   runtime/lpush.s:12
donelib (condes.o):
    crt0.o                    crt0.s:14
laddeqysp (laddeqsp.o):
    main.o                    main.s:177
ldaxysp (ldaxsp.o):
    main.o                    main.s:177
leaa0sp (leaaxsp.o):
    main.o                    main.s:177
ptr2 (zeropage.o):
    itoa.o                    common/itoa.s:11
ptr3 (zeropage.o):
    itoa.o                    common/itoa.s:11
pushax (pushax.o):
    main.o                    main.s:177
pusheax (lpush.o):
    main.o                    main.s:177
    main.o                    main.s:177
sp (zeropage.o):
    decsp4.o                  runtime/decsp4.s:8
    subysp.o                  runtime/subysp.s:9
    pushax.o                  runtime/pushax.s:8
    lsub.o                    runtime/lsub.s:12
    lpush.o                   runtime/lpush.s:13
    leaaxsp.o                 runtime/leaaxsp.s:8
    ldaxsp.o                  runtime/ldaxsp.s:8
    laddeqsp.o                runtime/laddeqsp.s:8
    itoa.o                    common/itoa.s:11
    crt0.o                    /home/ANT.AMAZON.COM/napicell/github/cc65/asminc/zeropage.inc:11
    addysp.o                  runtime/addysp.s:8
    main.o                    main.s:10
sreg (zeropage.o):
    lsub.o                    runtime/lsub.s:12
    lpush.o                   runtime/lpush.s:13
    laddeqsp.o                runtime/laddeqsp.s:8
    itoa.o                    common/itoa.s:11
    main.o                    main.s:10
    counter.o                 counter.s:1
subysp (subysp.o):
    main.o                    main.s:177
tmp1 (zeropage.o):
    itoa.o                    common/itoa.s:11
tossubeax (lsub.o):
    main.o                    main.s:177

