Modules list:
-------------
interrupt.o:
    CODE              Offs=000000  Size=000013  Align=00001  Fill=0000
vectors.o:
    VECTORS           Offs=000000  Size=000006  Align=00001  Fill=0000
wait.o:
    CODE              Offs=000013  Size=000004  Align=00001  Fill=0000
io.o:
    CODE              Offs=000017  Size=000044  Align=00001  Fill=0000
    ZEROPAGE          Offs=000000  Size=000001  Align=00001  Fill=0000
main.o:
    CODE              Offs=00005B  Size=00008A  Align=00001  Fill=0000
    DATA              Offs=000000  Size=000004  Align=00001  Fill=0000
none.lib(addysp.o):
    CODE              Offs=0000E5  Size=00000E  Align=00001  Fill=0000
none.lib(condes.o):
    CODE              Offs=0000F3  Size=00000C  Align=00001  Fill=0000
    DATA              Offs=000004  Size=000025  Align=00001  Fill=0000
    ONCE              Offs=000000  Size=00000C  Align=00001  Fill=0000
none.lib(crt0.o):
    STARTUP           Offs=000000  Size=000016  Align=00001  Fill=0000
none.lib(incsp1.o):
    CODE              Offs=0000FF  Size=000007  Align=00001  Fill=0000
none.lib(makebool.o):
    CODE              Offs=000106  Size=00002C  Align=00001  Fill=0000
none.lib(pusha.o):
    CODE              Offs=000132  Size=000016  Align=00001  Fill=0000
none.lib(pushax.o):
    CODE              Offs=000148  Size=00001A  Align=00001  Fill=0000
none.lib(sub.o):
    CODE              Offs=000162  Size=000015  Align=00001  Fill=0000
none.lib(zeropage.o):
    ZEROPAGE          Offs=000001  Size=00001A  Align=00001  Fill=0000


Segment list:
-------------
Name                   Start     End    Size  Align
----------------------------------------------------
ZEROPAGE              000000  00001A  00001B  00001
DATA                  000200  000228  000029  00001
STARTUP               00E029  00E03E  000016  00001
ONCE                  00E03F  00E04A  00000C  00001
CODE                  00E04B  00E1C1  000177  00001
VECTORS               00FFFA  00FFFF  000006  00001


Exports list by name:
---------------------
__CONSTRUCTOR_COUNT__     000000 REA    __CONSTRUCTOR_TABLE__     00E03F RLA    
__DESTRUCTOR_COUNT__      000000 REA    __DESTRUCTOR_TABLE__      00E03F RLA    
__RAM_SIZE__              007E00 REA    __RAM_START__             000200 RLA    
__STARTUP__               000001 REA    _init                     00E029 RLA    
_ledOff                   00E06D RLA    _ledOn                    00E062 RLA    
_main                     00E0EB RLA    _millis                   00E081 RLA    
_nmi_int                  00E04B RLA    _stop                     00E061 RLA    
addysp1                   00E130 RLA    booleq                    00E157 RLA    
donelib                   00E13E RLA    incsp1                    00E14A RLA    
init_counter              00E08C RLA    irq                       00E086 RLA    
pusha                     00E181 RLA    pushax                    00E197 RLA    
sp                        000001 RLZ    tossubax                  00E1AF RLA    



Exports list by value:
----------------------
__CONSTRUCTOR_COUNT__     000000 REA    __DESTRUCTOR_COUNT__      000000 REA    
__STARTUP__               000001 REA    sp                        000001 RLZ    
__RAM_START__             000200 RLA    __RAM_SIZE__              007E00 REA    
_init                     00E029 RLA    __CONSTRUCTOR_TABLE__     00E03F RLA    
__DESTRUCTOR_TABLE__      00E03F RLA    _nmi_int                  00E04B RLA    
_stop                     00E061 RLA    _ledOn                    00E062 RLA    
_ledOff                   00E06D RLA    _millis                   00E081 RLA    
irq                       00E086 RLA    init_counter              00E08C RLA    
_main                     00E0EB RLA    addysp1                   00E130 RLA    
donelib                   00E13E RLA    incsp1                    00E14A RLA    
booleq                    00E157 RLA    pusha                     00E181 RLA    
pushax                    00E197 RLA    tossubax                  00E1AF RLA    



Imports list:
-------------
__CONSTRUCTOR_COUNT__ ([linker generated]):
    condes.o                  runtime/condes.s:18
__CONSTRUCTOR_TABLE__ ([linker generated]):
    condes.o                  runtime/condes.s:18
__DESTRUCTOR_COUNT__ ([linker generated]):
    condes.o                  runtime/condes.s:19
__DESTRUCTOR_TABLE__ ([linker generated]):
    condes.o                  runtime/condes.s:19
__RAM_SIZE__ ([linker generated]):
    crt0.o                    crt0.s:12
__RAM_START__ ([linker generated]):
    crt0.o                    crt0.s:12
__STARTUP__ (crt0.o):
    main.o                    main.s:15
_init (crt0.o):
    vectors.o                 vectors.s:7
_ledOff (io.o):
    main.o                    main.s:16
_ledOn (io.o):
    main.o                    main.s:17
_main (main.o):
    crt0.o                    crt0.s:8
_millis (io.o):
    main.o                    main.s:18
_nmi_int (interrupt.o):
    vectors.o                 vectors.s:8
_stop (wait.o):
    interrupt.o               interrupt.s:9
addysp1 (addysp.o):
    sub.o                     runtime/sub.s:8
booleq (makebool.o):
    main.o                    main.s:134
donelib (condes.o):
    crt0.o                    crt0.s:14
incsp1 (incsp1.o):
    main.o                    main.s:134
init_counter (io.o):
    crt0.o                    crt0.s:9
irq (io.o):
    vectors.o                 vectors.s:8
pusha (pusha.o):
    main.o                    main.s:134
pushax (pushax.o):
    main.o                    main.s:134
sp (zeropage.o):
    addysp.o                  runtime/addysp.s:8
    sub.o                     runtime/sub.s:9
    pushax.o                  runtime/pushax.s:8
    pusha.o                   runtime/pusha.s:8
    incsp1.o                  runtime/incsp1.s:8
    crt0.o                    /home/napicella/github/cc65/asminc/zeropage.inc:11
    main.o                    main.s:10
tossubax (sub.o):
    main.o                    main.s:134

